Lorem ipsum dolor sit amet, consectetur adipiscing elit, sed do eiusmod tempor incididunt ut labore et dolore magna aliqua. 
Ultrices mi tempus imperdiet nulla malesuada pellentesque elit eget gravida. 
Sodales ut eu sem integer vitae justo eget. 
Ornare aenean euismod elementum nisi quis eleifend quam adipiscing. 
Ut tristique et egestas quis ipsum suspendisse ultrices gravida dictum. 
Elit ut aliquam purus sit amet luctus. 
Rhoncus urna neque viverra justo nec ultrices dui. 
Eget lorem dolor sed viverra ipsum nunc aliquet bibendum enim. 
Nulla facilisi morbi tempus iaculis. 
Sagittis nisl rhoncus mattis rhoncus. 
Feugiat vivamus at augue eget. 
Sagittis aliquam malesuada bibendum arcu.